// Jest Snapshot v1, https://goo.gl/fbAQLP

exports[`<AbandonedRateRequirement /> Rendering consistency should render the same way every time with all props 1`] = `
<WMFormRow
  data-component-identifier="requirements_abandonedRow"
  id="requirements-abandoned"
>
  <div
    style={
      Object {
        "display": "flex",
        "flexDirection": "column",
      }
    }
  >
    <div>
      Maximum Number of Acceptable Abandoned Assignments
    </div>
    <div
      style={
        Object {
          "alignSelf": "flex-end",
        }
      }
    >
      0
    </div>
    <div
      style={
        Object {
          "margin": "-1em 0",
        }
      }
    >
      <WMSlider
        data-component-identifier="requirements_abandonedSlider"
        max={50}
        min={0}
        name="maxAbandonedValue"
        onChange={[Function]}
        step={1}
        value={0}
      />
    </div>
    <div
      style={
        Object {
          "display": "flex",
          "flexDirection": "row-reverse",
        }
      }
    >
      <WMRaisedButton
        data-component-identifier="requirements_buttons"
        disabled={true}
        label="Add this requirement"
        onClick={[Function]}
        secondary={true}
        style={
          Object {
            "margin": "1em 0 0 1em",
          }
        }
      />
    </div>
  </div>
</WMFormRow>
`;
