// Jest Snapshot v1, https://goo.gl/fbAQLP

exports[`<ProfileVideoRequirement /> Rendering consistency should render the same way every time with all props 1`] = `
<WMFormRow
  id="requirement__profilevideo"
>
  <div
    style={
      Object {
        "display": "flex",
        "flexDirection": "row-reverse",
      }
    }
  >
    <WMRaisedButton
      label="Add this requirement"
      onClick={[Function]}
      secondary={true}
      style={
        Object {
          "margin": "1em 0 0 1em",
        }
      }
    />
  </div>
</WMFormRow>
`;
